// Jest Snapshot v1, https://goo.gl/fbAQLP

exports[`something on the App component 1`] = `
<div>
  <section
    className="sc-gtssRu fiKaKn"
  >
    <section
      className="sc-bdnylx bzYRnB"
    >
      <div>
        Loading...
      </div>
    </section>
    <div>
      Loading...
    </div>
  </section>
</div>
`;
